
> turbotears-front@0.0.0 build:front
> vite build

vite v7.3.1 building client environment for production...
transforming...
✓ 243 modules transformed.
rendering chunks...
computing gzip size...
dist/index.html                                     1.31 kB │ gzip:   0.66 kB
dist/static/predictions-DHxOQpu_.png               16.82 kB
dist/static/sprint-CAjZ5deR.png                    16.85 kB
dist/static/compare-TYQoBRTw.png                   17.23 kB
dist/static/grid-ZHKs_g-O.png                      17.47 kB
dist/static/teams-Cferf3bi.png                     17.62 kB
dist/static/predictionAnalytics-B_zTBXjI.png       18.07 kB
dist/static/arcade-DVlgzbRT.png                    18.14 kB
dist/static/reaction-BFdjXKJN.png                  18.34 kB
dist/static/race-gD_N4nl7.png                      18.67 kB
dist/static/drivers-DIezKfd_.png                   18.76 kB
dist/static/quali-CpSkJSZR.png                     18.78 kB
dist/static/practice-CjPrA1Bp.png                  18.81 kB
dist/static/sprintQuali-CVolXpDD.png               18.84 kB
dist/static/account-8jB1ag_J.png                   21.78 kB
dist/static/notifications-wxRtPJ28.png             22.13 kB
dist/static/admin-CokXtRmI.png                     22.26 kB
dist/static/analytics-pxfdCHom.png                 22.49 kB
dist/static/results-Bg0FVmCY.png                   22.53 kB
dist/static/favorite-DHkLu3mA.png                  22.58 kB
dist/static/games-BnxuvjVC.png                     22.60 kB
dist/static/vote-B2tHpMzc.png                      22.67 kB
dist/.vite/manifest.json                           22.82 kB │ gzip:   3.06 kB
dist/static/contact-HN_IflcT.png                   23.55 kB
dist/static/home-DTZv05H3.png                      23.87 kB
dist/static/peloton-B-xG-vgw.png                   23.93 kB
dist/static/settings-BNPhKT9V.png                  23.98 kB
dist/static/calendar-CZb_E96s.png                  24.03 kB
dist/static/wiki-CyUx9JHY.png                      25.02 kB
dist/static/ResetPasswordPage-B-DG0SM2.css          0.33 kB │ gzip:   0.19 kB
dist/static/GlossaryText-p_Qg4ZC0.css               1.06 kB │ gzip:   0.53 kB
dist/static/legal-D4RKdQMA.css                      1.16 kB │ gzip:   0.54 kB
dist/static/NextRacePage-sL222PmS.css               1.16 kB │ gzip:   0.40 kB
dist/static/NotificationsPage-FB_hb6rH.css          1.63 kB │ gzip:   0.64 kB
dist/static/ShareButton-xtdCw4lk.css                1.95 kB │ gzip:   0.78 kB
dist/static/community-Dbm89sxI.css                  2.29 kB │ gzip:   0.87 kB
dist/static/RaceGamePage-DBqGsugD.css               2.39 kB │ gzip:   0.93 kB
dist/static/SessionResultsUI-C0vbjE5s.css           2.44 kB │ gzip:   0.96 kB
dist/static/VotingPage-DEbBJ5ec.css                 2.49 kB │ gzip:   0.80 kB
dist/static/ContactAdminPage-DTs3GSWG.css           2.77 kB │ gzip:   1.02 kB
dist/static/DriverPicker-Bj3rhIjC.css               3.02 kB │ gzip:   1.12 kB
dist/static/CalendarDownload-DrEq29tw.css           3.65 kB │ gzip:   1.23 kB
dist/static/SeasonPage-B_mmK4xs.css                 3.91 kB │ gzip:   1.14 kB
dist/static/history-DMSBWbSs.css                    3.93 kB │ gzip:   1.29 kB
dist/static/PredictionAnalyticsPage-BWarPIST.css    5.74 kB │ gzip:   1.77 kB
dist/static/AccountPage-Ddsn1oxJ.css                6.25 kB │ gzip:   1.80 kB
dist/static/PracticeResultsPage-BsfXxBpX.css        6.32 kB │ gzip:   1.68 kB
dist/static/personal-pages-Ko8XU1SV.css             8.71 kB │ gzip:   2.24 kB
dist/static/WikiPage-B6NKLdb3.css                  11.59 kB │ gzip:   3.03 kB
dist/static/PredictionsPage-DsxTbRnm.css           12.46 kB │ gzip:   2.95 kB
dist/static/games-Door9RR7.css                     17.36 kB │ gzip:   4.46 kB
dist/static/AdminPage-DTLKEgQV.css                 22.76 kB │ gzip:   5.06 kB
dist/static/index-LXide4_F.css                    345.42 kB │ gzip:  50.37 kB
dist/static/CustomSelect-ff5IEoAW.js                0.88 kB │ gzip:   0.56 kB
dist/static/BackButton-DnDbUtVK.js                  1.09 kB │ gzip:   0.68 kB
dist/static/YearSelect-ConMdQWz.js                  1.45 kB │ gzip:   0.87 kB
dist/static/presentation-DQE4j0zB.js                1.75 kB │ gzip:   1.09 kB
dist/static/SharePage-DolisJo4.js                   2.39 kB │ gzip:   1.26 kB
dist/static/ContactAdminPage-DMXw8jZj.js            2.45 kB │ gzip:   1.08 kB
dist/static/ResetPasswordPage-BSibkCdI.js           2.64 kB │ gzip:   1.23 kB
dist/static/RaceGamePage-DsTA8s50.js                4.24 kB │ gzip:   1.91 kB
dist/static/DriverPicker-Cv2jXMQD.js                4.78 kB │ gzip:   2.21 kB
dist/static/RaceDetailsPage-e87sw5Eg.js             5.48 kB │ gzip:   1.98 kB
dist/static/FavoritesPage-DNkSkIlp.js               6.05 kB │ gzip:   1.96 kB
dist/static/TeamPrincipalPage-BKsMZoBB.js           6.48 kB │ gzip:   2.64 kB
dist/static/SessionResultsUI-DBzI4BiI.js            6.80 kB │ gzip:   2.83 kB
dist/static/CommunityPage-BaNzZvyJ.js               7.11 kB │ gzip:   2.74 kB
dist/static/ShareButton-D84ojn4R.js                 7.18 kB │ gzip:   2.61 kB
dist/static/LicenseRegisterPage-CUJ6Ehqo.js         7.28 kB │ gzip:   3.31 kB
dist/static/SprintQualiResultsPage-B7E9Kged.js      8.16 kB │ gzip:   2.75 kB
dist/static/QualiResultsPage-BxVOzQQY.js            8.86 kB │ gzip:   2.94 kB
dist/static/PracticeResultsPage-ChPrlYpT.js         9.29 kB │ gzip:   4.23 kB
dist/static/NextRacePage-D0RMy9fh.js                9.33 kB │ gzip:   3.13 kB
dist/static/WikiPage-muFKqfrz.js                    9.43 kB │ gzip:   3.86 kB
dist/static/SprintResultsPage-D8h2UQGk.js           9.44 kB │ gzip:   3.05 kB
dist/static/DriversPage-DVanvNYd.js                10.30 kB │ gzip:   3.63 kB
dist/static/VotingPage-mFq2Lb38.js                 10.59 kB │ gzip:   3.70 kB
dist/static/ConstructorsPage-BJpAzPK_.js           11.00 kB │ gzip:   3.71 kB
dist/static/NotificationsPage-lmvHeEoi.js          11.28 kB │ gzip:   4.59 kB
dist/static/DriverDetailsPage-Bh_0HyVj.js          11.46 kB │ gzip:   3.65 kB
dist/static/SettingsPage-CgH5NWWX.js               12.60 kB │ gzip:   4.64 kB
dist/static/ConstructorDetailsPage-CR31oisl.js     13.17 kB │ gzip:   3.61 kB
dist/static/AccountPage-BQwXGgb_.js                13.27 kB │ gzip:   4.36 kB
dist/static/ReflexGridGamePage-BHUtwmC7.js         13.62 kB │ gzip:   4.37 kB
dist/static/HistoryPage-D70WNNTN.js                16.35 kB │ gzip:   6.82 kB
dist/static/RaceResultsPage-cUDWxC8-.js            16.46 kB │ gzip:   5.58 kB
dist/static/PredictionAnalyticsPage-qeVXIzQf.js    18.45 kB │ gzip:   6.27 kB
dist/static/SeasonPage-D_DPCaaR.js                 18.56 kB │ gzip:   5.89 kB
dist/static/ReactionGamePage-B_vlLDav.js           18.60 kB │ gzip:   6.44 kB
dist/static/ComparePage-DzG-MlHX.js                20.69 kB │ gzip:   6.59 kB
dist/static/CalendarDownload-Bb3v7aAS.js           23.29 kB │ gzip:   8.90 kB
dist/static/circuitInsightsRu-f2wNjMee.js          26.45 kB │ gzip:   7.19 kB
dist/static/LegalPages-CxDLVWIc.js                 28.42 kB │ gzip:   8.03 kB
dist/static/GlossaryText-5QD2D7N7.js               29.15 kB │ gzip:   9.65 kB
dist/static/PredictionsPage-yhHT_bVE.js            35.34 kB │ gzip:  11.49 kB
dist/static/AdminPage-B5fI4Psh.js                  75.59 kB │ gzip:  21.22 kB
dist/static/chart-Bcjh2pZL.js                     206.64 kB │ gzip:  70.71 kB
dist/static/index-CosAsOp5.js                     378.46 kB │ gzip: 123.09 kB
✓ built in 5.90s
npm notice
npm notice New major version of npm available! 11.16.0 -> 12.2.0
npm notice Changelog: https://github.com/npm/cli/releases/tag/v12.2.0
npm notice To update run: npm install -g npm@12.2.0
npm notice
